Global Construktors
	_INIT_0_InitFiles
	_INIT_1_Utility_c__UtilityBase
	_INIT_1_DOS_c__DOSBase
	_INIT_2_MathIEEEDoubTrans_c__MathIeeeDoubTransBase
	_INIT_2_MathIEEEDoubBas_c__MathIeeeDoubBasBase
	_INIT_2_Intuition_c__IntuitionBase
	_INIT_5_RememberTicks
	_INIT_5_InitStdIOFiles
	_INIT_8_logging_c
	_INIT_8_bot_c
	_INIT_8_users_c
	_INIT_8_servers_c
	_INIT_8_parsing_c
	_INIT_8_main_c
	_INIT_8_config_c
Global Destruktors
	_EXIT_5_InitStdIOFiles
	_EXIT_5_InitFiles
	_EXIT_4_free
	_EXIT_2_MathIEEEDoubTrans_c__MathIeeeDoubTransBase
	_EXIT_2_MathIEEEDoubBas_c__MathIeeeDoubBasBase
	_EXIT_2_Intuition_c__IntuitionBase
	_EXIT_1_Utility_c__UtilityBase
	_EXIT_1_DOS_c__DOSBase
	_EXIT_0_Main
				M68K Code


			Hunk #0 ( Far Public )
                                   _exit = 128 (0x80) File Work:Programming/StormC/StormSYS/startup.o
                         abort__STANDARD = 176 (0xB0) File Work:Programming/StormC/StormSYS/startup.o
                           _INIT_8_bot_c = 212 (0xD4) File Work:Programming/Networking/ilona3/bot.o
                             _create_bot = 234 (0xEA) File Work:Programming/Networking/ilona3/bot.o
                               _kill_bot = 380 (0x17C) File Work:Programming/Networking/ilona3/bot.o
                              _kill_bots = 490 (0x1EA) File Work:Programming/Networking/ilona3/bot.o
                             _insert_bot = 532 (0x214) File Work:Programming/Networking/ilona3/bot.o
                                _get_bot = 570 (0x23A) File Work:Programming/Networking/ilona3/bot.o
                                _no_bots = 610 (0x262) File Work:Programming/Networking/ilona3/bot.o
                       _insert_IRCServer = 620 (0x26C) File Work:Programming/Networking/ilona3/bot.o
                          _get_IRCServer = 706 (0x2C2) File Work:Programming/Networking/ilona3/bot.o
                      _get_IRCServerPort = 746 (0x2EA) File Work:Programming/Networking/ilona3/bot.o
                          _no_IRCServers = 788 (0x314) File Work:Programming/Networking/ilona3/bot.o
                          _set_IRCServer = 798 (0x31E) File Work:Programming/Networking/ilona3/bot.o
                            _insert_nick = 812 (0x32C) File Work:Programming/Networking/ilona3/bot.o
                               _get_nick = 890 (0x37A) File Work:Programming/Networking/ilona3/bot.o
                         _insert_channel = 932 (0x3A4) File Work:Programming/Networking/ilona3/bot.o
                            _get_channel = 1012 (0x3F4) File Work:Programming/Networking/ilona3/bot.o
                        _INIT_8_config_c = 1304 (0x518) File Work:Programming/Networking/ilona3/config.o
                           _err_notinbot = 1346 (0x542) File Work:Programming/Networking/ilona3/config.o
                          _set_systemlog = 1376 (0x560) File Work:Programming/Networking/ilona3/config.o
                             _set_newbot = 1406 (0x57E) File Work:Programming/Networking/ilona3/config.o
                             _set_endbot = 1478 (0x5C6) File Work:Programming/Networking/ilona3/config.o
                             _set_botlog = 1784 (0x6F8) File Work:Programming/Networking/ilona3/config.o
                             _set_userid = 1884 (0x75C) File Work:Programming/Networking/ilona3/config.o
                        _set_description = 1984 (0x7C0) File Work:Programming/Networking/ilona3/config.o
                             _set_server = 2054 (0x806) File Work:Programming/Networking/ilona3/config.o
                           _set_nickname = 2180 (0x884) File Work:Programming/Networking/ilona3/config.o
                        _set_maxconnects = 2274 (0x8E2) File Work:Programming/Networking/ilona3/config.o
                               _set_motd = 2366 (0x93E) File Work:Programming/Networking/ilona3/config.o
                         _set_newchannel = 2426 (0x97A) File Work:Programming/Networking/ilona3/config.o
                         _set_endchannel = 2536 (0x9E8) File Work:Programming/Networking/ilona3/config.o
                            _set_channel = 2744 (0xAB8) File Work:Programming/Networking/ilona3/config.o
                           _set_userfile = 2862 (0xB2E) File Work:Programming/Networking/ilona3/config.o
                            _set_chanlog = 2980 (0xBA4) File Work:Programming/Networking/ilona3/config.o
                            _set_anonops = 3104 (0xC20) File Work:Programming/Networking/ilona3/config.o
                            _load_config = 3184 (0xC70) File Work:Programming/Networking/ilona3/config.o
                       _INIT_8_logging_c = 5864 (0x16E8) File Work:Programming/Networking/ilona3/logging.o
                           _DateToString = 5886 (0x16FE) File Work:Programming/Networking/ilona3/logging.o
                           _TimeToString = 5938 (0x1732) File Work:Programming/Networking/ilona3/logging.o
                             _do_sys_log = 5990 (0x1766) File Work:Programming/Networking/ilona3/logging.o
                             _do_bot_log = 6148 (0x1804) File Work:Programming/Networking/ilona3/logging.o
                          _INIT_8_main_c = 6540 (0x198C) File Work:Programming/Networking/ilona3/main.o
                                   _main = 6582 (0x19B6) File Work:Programming/Networking/ilona3/main.o
                            _exit_nicely = 7614 (0x1DBE) File Work:Programming/Networking/ilona3/main.o
                                 _SigInt = 7824 (0x1E90) File Work:Programming/Networking/ilona3/main.o
                            _openbsdsock = 7856 (0x1EB0) File Work:Programming/Networking/ilona3/main.o
                                 _titles = 7922 (0x1EF2) File Work:Programming/Networking/ilona3/main.o
                       _INIT_8_parsing_c = 8724 (0x2214) File Work:Programming/Networking/ilona3/parsing.o
                               _GetToken = 8766 (0x223E) File Work:Programming/Networking/ilona3/parsing.o
                                 _GetNUH = 8894 (0x22BE) File Work:Programming/Networking/ilona3/parsing.o
                              _find_user = 8896 (0x22C0) File Work:Programming/Networking/ilona3/parsing.o
                          _find_chanuser = 9268 (0x2434) File Work:Programming/Networking/ilona3/parsing.o
                             _parse_ping = 9576 (0x2568) File Work:Programming/Networking/ilona3/parsing.o
                              _parse_353 = 9626 (0x259A) File Work:Programming/Networking/ilona3/parsing.o
                              _parse_001 = 9656 (0x25B8) File Work:Programming/Networking/ilona3/parsing.o
                              _parse_372 = 9764 (0x2624) File Work:Programming/Networking/ilona3/parsing.o
                              _parse_433 = 9844 (0x2674) File Work:Programming/Networking/ilona3/parsing.o
                              _parse_473 = 10018 (0x2722) File Work:Programming/Networking/ilona3/parsing.o
                             _parse_join = 10086 (0x2766) File Work:Programming/Networking/ilona3/parsing.o
                          _parse_privmsg = 10568 (0x2948) File Work:Programming/Networking/ilona3/parsing.o
                            _parse_error = 11156 (0x2B94) File Work:Programming/Networking/ilona3/parsing.o
                             _ilona_help = 11462 (0x2CC6) File Work:Programming/Networking/ilona3/parsing.o
                               _ilona_op = 11904 (0x2E80) File Work:Programming/Networking/ilona3/parsing.o
                    _ilona_showchanusers = 12372 (0x3054) File Work:Programming/Networking/ilona3/parsing.o
                     _ilona_showcommands = 12764 (0x31DC) File Work:Programming/Networking/ilona3/parsing.o
                             _ilona_quit = 13168 (0x3370) File Work:Programming/Networking/ilona3/parsing.o
                              _ilona_raw = 13234 (0x33B2) File Work:Programming/Networking/ilona3/parsing.o
                              _parse_irc = 13294 (0x33EE) File Work:Programming/Networking/ilona3/parsing.o
                       _INIT_8_servers_c = 15640 (0x3D18) File Work:Programming/Networking/ilona3/servers.o
                         _get_host_stuff = 15662 (0x3D2E) File Work:Programming/Networking/ilona3/servers.o
                         _prepare_socket = 15834 (0x3DDA) File Work:Programming/Networking/ilona3/servers.o
                            _kill_socket = 15916 (0x3E2C) File Work:Programming/Networking/ilona3/servers.o
                             _do_connect = 15946 (0x3E4A) File Work:Programming/Networking/ilona3/servers.o
                           _SendToServer = 16298 (0x3FAA) File Work:Programming/Networking/ilona3/servers.o
                       _grab_server_line = 16454 (0x4046) File Work:Programming/Networking/ilona3/servers.o
                         _INIT_8_users_c = 17252 (0x4364) File Work:Programming/Networking/ilona3/users.o
                            _insert_user = 17274 (0x437A) File Work:Programming/Networking/ilona3/users.o
                               _get_user = 17344 (0x43C0) File Work:Programming/Networking/ilona3/users.o
                        _insert_chanuser = 17384 (0x43E8) File Work:Programming/Networking/ilona3/users.o
                           _get_chanuser = 17436 (0x441C) File Work:Programming/Networking/ilona3/users.o
                          _err_notinuser = 17476 (0x4444) File Work:Programming/Networking/ilona3/users.o
                            _set_newuser = 17516 (0x446C) File Work:Programming/Networking/ilona3/users.o
                            _set_enduser = 17596 (0x44BC) File Work:Programming/Networking/ilona3/users.o
                               _set_nick = 17840 (0x45B0) File Work:Programming/Networking/ilona3/users.o
                                _set_NUH = 17944 (0x4618) File Work:Programming/Networking/ilona3/users.o
                              _set_level = 18048 (0x4680) File Work:Programming/Networking/ilona3/users.o
                                 _set_op = 18174 (0x46FE) File Work:Programming/Networking/ilona3/users.o
                             _set_autoop = 18236 (0x473C) File Work:Programming/Networking/ilona3/users.o
                             _load_users = 18298 (0x477A) File Work:Programming/Networking/ilona3/users.o
                                   main_ = 19440 (0x4BF0) File Work:Programming/StormC/Lib/storm020.lib
                              main__iPPc = 19448 (0x4BF8) File Work:Programming/StormC/Lib/storm020.lib
                    wbmain__P09WBStartup = 19456 (0x4C00) File Work:Programming/StormC/Lib/storm020.lib
                                 _wbmain = 19464 (0x4C08) File Work:Programming/StormC/Lib/storm020.lib
                               main__iPc = 19468 (0x4C0C) File Work:Programming/StormC/Lib/storm020.lib
                            _EXIT_0_Main = 19900 (0x4DBC) File Work:Programming/StormC/Lib/storm020.lib
                  _INIT_1_DOS_c__DOSBase = 19952 (0x4DF0) File Work:Programming/StormC/Lib/storm020.lib
                  _EXIT_1_DOS_c__DOSBase = 19984 (0x4E10) File Work:Programming/StormC/Lib/storm020.lib
                                  _fopen = 20014 (0x4E2E) File Work:Programming/StormC/Lib/storm020.lib
                                 _fclose = 20172 (0x4ECC) File Work:Programming/StormC/Lib/storm020.lib
                                 _fflush = 20244 (0x4F14) File Work:Programming/StormC/Lib/storm020.lib
                                _setvbuf = 20312 (0x4F58) File Work:Programming/StormC/Lib/storm020.lib
                              _amigaopen = 20532 (0x5034) File Work:Programming/StormC/Lib/storm020.lib
                              _amigaread = 21380 (0x5384) File Work:Programming/StormC/Lib/storm020.lib
                         _amigareadunget = 21820 (0x553C) File Work:Programming/StormC/Lib/storm020.lib
                             _amigawrite = 21920 (0x55A0) File Work:Programming/StormC/Lib/storm020.lib
                               _amigaeof = 22316 (0x572C) File Work:Programming/StormC/Lib/storm020.lib
                              _amigaseek = 22340 (0x5744) File Work:Programming/StormC/Lib/storm020.lib
                              _amigagetc = 22416 (0x5790) File Work:Programming/StormC/Lib/storm020.lib
                         _amigagetcunget = 22472 (0x57C8) File Work:Programming/StormC/Lib/storm020.lib
                            _amigaungetc = 22504 (0x57E8) File Work:Programming/StormC/Lib/storm020.lib
                              _amigaputc = 22536 (0x5808) File Work:Programming/StormC/Lib/storm020.lib
                             _amigaflush = 22596 (0x5844) File Work:Programming/StormC/Lib/storm020.lib
                             _amigaclose = 22796 (0x590C) File Work:Programming/StormC/Lib/storm020.lib
                       _INIT_0_InitFiles = 22920 (0x5988) File Work:Programming/StormC/Lib/storm020.lib
                       _EXIT_5_InitFiles = 22992 (0x59D0) File Work:Programming/StormC/Lib/storm020.lib
                               UDivMod32 = 23080 (0x5A28) File Work:Programming/StormC/Lib/storm020.lib
                                   Add64 = 23104 (0x5A40) File Work:Programming/StormC/Lib/storm020.lib
                                   Neg64 = 23112 (0x5A48) File Work:Programming/StormC/Lib/storm020.lib
                                   Cmp64 = 23128 (0x5A58) File Work:Programming/StormC/Lib/storm020.lib
                                 SMult64 = 23136 (0x5A60) File Work:Programming/StormC/Lib/storm020.lib
                                 UMult64 = 23176 (0x5A88) File Work:Programming/StormC/Lib/storm020.lib
                                  SDiv64 = 23324 (0x5B1C) File Work:Programming/StormC/Lib/storm020.lib
                                  UDiv64 = 23372 (0x5B4C) File Work:Programming/StormC/Lib/storm020.lib
                               UDivMod64 = 23472 (0x5BB0) File Work:Programming/StormC/Lib/storm020.lib
                                 _strtol = 23556 (0x5C04) File Work:Programming/StormC/Lib/storm020.lib
      _INIT_2_Intuition_c__IntuitionBase = 24104 (0x5E28) File Work:Programming/StormC/Lib/storm020.lib
      _EXIT_2_Intuition_c__IntuitionBase = 24136 (0x5E48) File Work:Programming/StormC/Lib/storm020.lib
                  _0ct__LibBaseC__TPcUjs = 24212 (0x5E94) File Work:Programming/StormC/Lib/storm020.lib
                       _0dt__LibBaseC__T = 24668 (0x605C) File Work:Programming/StormC/Lib/storm020.lib
_INIT_2_MathIEEEDoubBas_c__MathIeeeDoubBasBase = 24708 (0x6084) File Work:Programming/StormC/Lib/storm020.lib
_EXIT_2_MathIEEEDoubBas_c__MathIeeeDoubBasBase = 24740 (0x60A4) File Work:Programming/StormC/Lib/storm020.lib
_INIT_2_MathIEEEDoubTrans_c__MathIeeeDoubTransBase = 24780 (0x60CC) File Work:Programming/StormC/Lib/storm020.lib
_EXIT_2_MathIEEEDoubTrans_c__MathIeeeDoubTransBase = 24812 (0x60EC) File Work:Programming/StormC/Lib/storm020.lib
                        lib_double2float = 24856 (0x6118) File Work:Programming/StormC/Lib/storm020.lib
                                  _pwr10 = 24876 (0x612C) File Work:Programming/StormC/Lib/storm020.lib
                                   Pwr10 = 24894 (0x613E) File Work:Programming/StormC/Lib/storm020.lib
                                 _expo10 = 25090 (0x6202) File Work:Programming/StormC/Lib/storm020.lib
                                  Expo10 = 25110 (0x6216) File Work:Programming/StormC/Lib/storm020.lib
                                 _memcpy = 25236 (0x6294) File Work:Programming/StormC/Lib/storm020.lib
                                 _memset = 25276 (0x62BC) File Work:Programming/StormC/Lib/storm020.lib
                                 _malloc = 25340 (0x62FC) File Work:Programming/StormC/Lib/storm020.lib
                                   _free = 25752 (0x6498) File Work:Programming/StormC/Lib/storm020.lib
                            _EXIT_4_free = 25948 (0x655C) File Work:Programming/StormC/Lib/storm020.lib
                                 _signal = 26072 (0x65D8) File Work:Programming/StormC/Lib/storm020.lib
                                  _fgets = 29828 (0x7484) File Work:Programming/StormC/Lib/storm020.lib
                                 _printf = 29892 (0x74C4) File Work:Programming/StormC/Lib/storm020.lib
                                _fprintf = 29944 (0x74F8) File Work:Programming/StormC/Lib/storm020.lib
                                _sprintf = 29996 (0x752C) File Work:Programming/StormC/Lib/storm020.lib
                               _vsprintf = 30060 (0x756C) File Work:Programming/StormC/Lib/storm020.lib
                                 _sscanf = 30124 (0x75AC) File Work:Programming/StormC/Lib/storm020.lib
                  _INIT_5_InitStdIOFiles = 30180 (0x75E4) File Work:Programming/StormC/Lib/storm020.lib
                  _EXIT_5_InitStdIOFiles = 30446 (0x76EE) File Work:Programming/StormC/Lib/storm020.lib
                                 _strcpy = 30492 (0x771C) File Work:Programming/StormC/Lib/storm020.lib
                                 _strcat = 30520 (0x7738) File Work:Programming/StormC/Lib/storm020.lib
                                 _strcmp = 30556 (0x775C) File Work:Programming/StormC/Lib/storm020.lib
                                _strncmp = 30612 (0x7794) File Work:Programming/StormC/Lib/storm020.lib
                                 _strchr = 30688 (0x77E0) File Work:Programming/StormC/Lib/storm020.lib
                                 _strstr = 30720 (0x7800) File Work:Programming/StormC/Lib/storm020.lib
                                 _strlen = 30796 (0x784C) File Work:Programming/StormC/Lib/storm020.lib
                                _stricmp = 30820 (0x7864) File Work:Programming/StormC/Lib/storm020.lib
                                   _time = 30936 (0x78D8) File Work:Programming/StormC/Lib/storm020.lib
                                 _gmtime = 31024 (0x7930) File Work:Programming/StormC/Lib/storm020.lib
                              _localtime = 31296 (0x7A40) File Work:Programming/StormC/Lib/storm020.lib
                   _INIT_5_RememberTicks = 31312 (0x7A50) File Work:Programming/StormC/Lib/storm020.lib
                               _strftime = 31776 (0x7C20) File Work:Programming/StormC/Lib/storm020.lib
                             _signed_out = 33560 (0x8318) File Work:Programming/StormC/Lib/storm020.lib
                           _unsigned_out = 34178 (0x8582) File Work:Programming/StormC/Lib/storm020.lib
                               _char_out = 34760 (0x87C8) File Work:Programming/StormC/Lib/storm020.lib
                             _string_out = 34900 (0x8854) File Work:Programming/StormC/Lib/storm020.lib
                             _double_out = 35092 (0x8914) File Work:Programming/StormC/Lib/storm020.lib
                                 _int_in = 36548 (0x8EC4) File Work:Programming/StormC/Lib/storm020.lib
                              _double_in = 37436 (0x923C) File Work:Programming/StormC/Lib/storm020.lib
                                _char_in = 38264 (0x9578) File Work:Programming/StormC/Lib/storm020.lib
                              _string_in = 38404 (0x9604) File Work:Programming/StormC/Lib/storm020.lib
          _INIT_1_Utility_c__UtilityBase = 38616 (0x96D8) File Work:Programming/StormC/Lib/storm020.lib
          _EXIT_1_Utility_c__UtilityBase = 38648 (0x96F8) File Work:Programming/StormC/Lib/storm020.lib
                            _InitModules = 38680 (0x9718) File <Internal Assembled>
                         _CleanupModules = 38772 (0x9774) File <Internal Assembled>

				PowerPC Code


				Data


			Hunk #1 ( Far Public )
                                _SysBase = 0 (0x0) File Work:Programming/StormC/StormSYS/startup.o
                            _configtable = 12 (0xC) File Work:Programming/Networking/ilona3/bot.o
                                _uftable = 148 (0x94) File Work:Programming/Networking/ilona3/bot.o
                                _uftable = 212 (0xD4) File Work:Programming/Networking/ilona3/config.o
                            _configtable = 276 (0x114) File Work:Programming/Networking/ilona3/config.o
                               _irctable = 412 (0x19C) File Work:Programming/Networking/ilona3/config.o
                             _ilonatable = 492 (0x1EC) File Work:Programming/Networking/ilona3/config.o
                                _uftable = 576 (0x240) File Work:Programming/Networking/ilona3/logging.o
                            _configtable = 640 (0x280) File Work:Programming/Networking/ilona3/logging.o
                                _uftable = 776 (0x308) File Work:Programming/Networking/ilona3/main.o
                            _configtable = 840 (0x348) File Work:Programming/Networking/ilona3/main.o
                               _irctable = 976 (0x3D0) File Work:Programming/Networking/ilona3/main.o
                             _ilonatable = 1056 (0x420) File Work:Programming/Networking/ilona3/main.o
                             _SocketBase = 1140 (0x474) File Work:Programming/Networking/ilona3/main.o
                                _uftable = 1144 (0x478) File Work:Programming/Networking/ilona3/parsing.o
                            _configtable = 1208 (0x4B8) File Work:Programming/Networking/ilona3/parsing.o
                               _irctable = 1344 (0x540) File Work:Programming/Networking/ilona3/parsing.o
                             _ilonatable = 1424 (0x590) File Work:Programming/Networking/ilona3/parsing.o
                            _configtable = 1508 (0x5E4) File Work:Programming/Networking/ilona3/servers.o
                                _uftable = 1644 (0x66C) File Work:Programming/Networking/ilona3/servers.o
                            _configtable = 1708 (0x6AC) File Work:Programming/Networking/ilona3/users.o
                                _uftable = 1844 (0x734) File Work:Programming/Networking/ilona3/users.o
                                _DOSBase = 1916 (0x77C) File Work:Programming/StormC/Lib/storm020.lib
                                  _errno = 1920 (0x780) File Work:Programming/StormC/Lib/storm020.lib
                          _IntuitionBase = 1924 (0x784) File Work:Programming/StormC/Lib/storm020.lib
                     _not_open__LibBaseC = 1928 (0x788) File Work:Programming/StormC/Lib/storm020.lib
                    _MathIeeeDoubBasBase = 1932 (0x78C) File Work:Programming/StormC/Lib/storm020.lib
                  _MathIeeeDoubTransBase = 1936 (0x790) File Work:Programming/StormC/Lib/storm020.lib
                               _std__out = 1972 (0x7B4) File Work:Programming/StormC/Lib/storm020.lib
                                _std__in = 2056 (0x808) File Work:Programming/StormC/Lib/storm020.lib
                               _std__err = 2140 (0x85C) File Work:Programming/StormC/Lib/storm020.lib
                            _UtilityBase = 2568 (0xA08) File Work:Programming/StormC/Lib/storm020.lib

				BSS


			Hunk #2 ( Far Public )
                              _temp_line = 0 (0x0) File Work:Programming/Networking/ilona3/config.o
                               _edit_bot = 84 (0x54) File Work:Programming/Networking/ilona3/config.o
                           _edit_channel = 88 (0x58) File Work:Programming/Networking/ilona3/config.o
                                   _line = 92 (0x5C) File Work:Programming/Networking/ilona3/config.o
                              _cfg_error = 96 (0x60) File Work:Programming/Networking/ilona3/config.o
                                     _sc = 124 (0x7C) File Work:Programming/Networking/ilona3/main.o
                                _thebots = 128 (0x80) File Work:Programming/Networking/ilona3/main.o
                                  _mybot = 132 (0x84) File Work:Programming/Networking/ilona3/main.o
                              _temp_line = 136 (0x88) File Work:Programming/Networking/ilona3/parsing.o
                             _temp_line2 = 236 (0xEC) File Work:Programming/Networking/ilona3/parsing.o
                              _temp_line = 336 (0x150) File Work:Programming/Networking/ilona3/users.o
                              _edit_user = 420 (0x1A4) File Work:Programming/Networking/ilona3/users.o
                                   _line = 424 (0x1A8) File Work:Programming/Networking/ilona3/users.o
                              _cfg_error = 428 (0x1AC) File Work:Programming/Networking/ilona3/users.o
				END
